main.c:78:6:hardwareInit	24	static
main.c:88:8:convertTimerValueToVoltage	32	static
main.c:93:6:getCounterValue	16	static
main.c:109:6:HAL_TIM_IC_CaptureCallback	16	static
main.c:114:6:HAL_TIM_PeriodElapsedCallback	16	static
main.c:127:5:main	88	static
main.c:196:6:SystemClock_Config	72	static
main.c:234:13:MX_I2C1_Init	8	static
main.c:268:13:MX_TIM1_Init	96	static
main.c:348:13:MX_TIM2_Init	32	static
main.c:401:13:MX_TIM3_Init	80	static
main.c:473:13:MX_USART1_UART_Init	8	static
main.c:506:13:MX_GPIO_Init	40	static
main.c:546:6:Error_Handler	4	static
