main.c:92:6:hardwareInit	24	static
main.c:117:8:convertTimerValueToVoltage	32	static
main.c:129:6:getCounterValue	16	static
main.c:145:6:HAL_TIM_IC_CaptureCallback	16	static
main.c:150:6:HAL_TIM_PeriodElapsedCallback	16	static
main.c:163:5:main	88	static
main.c:231:6:SystemClock_Config	72	static
main.c:269:13:MX_I2C1_Init	8	static
main.c:303:13:MX_TIM1_Init	96	static
main.c:383:13:MX_TIM2_Init	32	static
main.c:436:13:MX_TIM3_Init	80	static
main.c:508:13:MX_USART1_UART_Init	8	static
main.c:541:13:MX_GPIO_Init	40	static
main.c:581:6:Error_Handler	4	static
